  imgui.cpp
\imgui.cpp(1,1): error C1083: Cannot open source file: '..\..\imgui.cpp': No such file or directory
  (compiling source file '/imgui.cpp')
  
  imgui_demo.cpp
\imgui_demo.cpp(1,1): error C1083: Cannot open source file: '..\..\imgui_demo.cpp': No such file or directory
  (compiling source file '/imgui_demo.cpp')
  
  imgui_draw.cpp
\imgui_draw.cpp(1,1): error C1083: Cannot open source file: '..\..\imgui_draw.cpp': No such file or directory
  (compiling source file '/imgui_draw.cpp')
  
  imgui_tables.cpp
\imgui_tables.cpp(1,1): error C1083: Cannot open source file: '..\..\imgui_tables.cpp': No such file or directory
  (compiling source file '/imgui_tables.cpp')
  
  imgui_widgets.cpp
\imgui_widgets.cpp(1,1): error C1083: Cannot open source file: '..\..\imgui_widgets.cpp': No such file or directory
  (compiling source file '/imgui_widgets.cpp')
  
  imgui_impl_glfw.cpp
\backends\imgui_impl_glfw.cpp(1,1): error C1083: Cannot open source file: '..\..\backends\imgui_impl_glfw.cpp': No such file or directory
  (compiling source file '/backends/imgui_impl_glfw.cpp')
  
  imgui_impl_opengl3.cpp
\backends\imgui_impl_opengl3.cpp(1,1): error C1083: Cannot open source file: '..\..\backends\imgui_impl_opengl3.cpp': No such file or directory
  (compiling source file '/backends/imgui_impl_opengl3.cpp')
  
  EditorUI.cpp
C:\Users\shaya\adl\virtenv\editor\gui\EditorUI.cpp(3,10): error C1083: Cannot open include file: 'imgui.h': No such file or directory
  main.cpp
C:\Users\shaya\adl\virtenv\editor\main.cpp(1,10): error C1083: Cannot open include file: 'imgui.h': No such file or directory
  Generating Code...
